                                                                        ~$HIR$世界地图$NOR$~
      ^ ^ ^ ^ ^ ^ ^ ^ ^         ^   ^   ^                     $HIY$提示：请用WEB端或UTF-8客户端查看$NOR$
    ^ 鲁迪亚诺城(遗迹)  #  ^ ^  ^ ^ ^ ^ ^   ^
    ^   (-125，110)    # 西贝克赛利亚郊外 ^^ ^^ ^ ^ ^ ^                 ^   ^  ^                          ^  ^      ~~  ~~          ~~      ~
  ~ ^   鲁迪亚诺城荒野   #    封印之祠 ^ 东贝克赛利亚郊外#     ~~~~   ^  迦南帝国  ^          *          ^ ^  ^ ^ ^ ^ ^     ~~      ~     ~无尽之海~
     ^               ^    #  (-85,100)^              #  ~~ ~~ ~~ ~   ^   (15,90)    ^          *        ^   卡兹恰村落^     ~~         ^   ^
    ~   ^  ^    艾拉菲塔村  # # #   贝克赛利亚镇   #                 ^            ^   ^   ^   ^   ^ ^       (95,85) ^      ~~    ^  ^        ^
  ~~          ^ (-100,80)   # # #    (-50,80)   #       ~~~ ~~ ~~     ^ ^ ^  ^  ^达达玛鲁达山  ^                ^ 卡兹奇奇    ^               ^
~~~             ^         ~ ~~ ~~ ~ ~ ~   ~ ~ #                                #    *  *       草原集落   * *  ^ ^山      ^                   ^
     ^^ ^^ ^ ^^ ^^ ^^ ^                    #  ~  ~~     ~大海~                   #  * * * *     (70,55)   * *    ^     ^                        ^
   ^沃尔罗村                                #   ~~      ~~~ ~~~                     #   *     卡尔瓦多大草   * *      ^            艾鲁希昂学院   ^
  ^ (-130,30)     ^       圣修塔因城         #                          ~~大海~~        #                  * *     ^      ##         (135,35)    ^
  ^               ^       (-72,20)        # ~         ~~~~           ^  ^   ^           #   亚汗湿地             ^       ##     艾玛尼安雪原    ^
    ^ ^^ ^ ^^ ^^ ^^ ^^                # #    ~~      ~大海~       ^ ^         ^ ^          # # #  ~ ~ ~~ ~~       ^                           ^
    ^ 魔兽洞窟     # ^^ ^ ^ ^ ~ ^  ^ ^   ~          ~           ^   达玛神殿       ^                   ^    ^     ~     ^                     ^
   ^  (-125,0)     #  ~   ~   ~   ~        ^   ~~             ^      (0,0)  达玛之塔^      ~~       ^ 古比亚娜城   ^    ~   ^     阿什巴尔地   ^
   ^                  #      ^   ^   ^  ^     ^  ^    ~       ^                   ^              ^     (75,-15)    ^   ~                    #
    ^       西纳札姆区域   ++          东纳札姆区域 ^     ~     ^       达玛岛     ^      ~~      ^     古比亚娜沙漠 ^    ~~   #  # #  #  #
 ~    ^                   ++     纳札姆村       ^      ~       ^                ^                    ^      ^      ^   ~                 ~~~
   ~   ^                  ^     (-55,-35)    ^                 ^ 海滨洞窟       ^       ~大海~
        ^^^ ^^^^ ^^^ ^^^ ^^^          ^ ^  ^          ~~        # ^ ^ # # ^ ^ ^          # # # #  ^ ^  ^   ^ ^ ^^ ^ ^         ~~~大海~~~
 ~      ^        龙眠之地      ^ ^ ^ ^                               #####            码头       ^  ^  皮塔利山脉 ^         ^ ^ ^ ^
                            ^                                                        (30,-45)  卡拉克塔荒野        ^      ^ 雨之岛 ^
~        ^      德米尔火山    ^                        ~~~无尽之海~~~          ~        #贝伦                     #         ^ ^ ^
                 德米尔之里   ^     ~        ~                                         #海岸     皮塔利   皮塔利 #          ~~~~
  ~        ^      (-95,-60) ^         ~  ~                                  ~         #          平原   海岸 #   ~~~~
     ~                     ^         大海               ~~无尽之海~~                   #萨玛隆北洞窟隆     # #           ~~~无尽之海~~~
    ~        ^           ^               ~                                  ~          #萨玛隆镇      # #
~~~无尽之海~~~  ^      ^          ~   ~                               ~                 (45,-100)    #
                  ^                                                                      #  * V *  #
